// Jest Snapshot v1, https://goo.gl/fbAQLP

exports[`App Component renders without crashing 1`] = `
<BrowserRouter>
  <div
    className="row"
  >
    <div
      className="col-2 no-margin no-padding"
    >
      <Connect(Menu) />
    </div>
    <div
      className="col-8 min-height-100vh"
    >
      <Connect(TopBar) />
      <Routes />
    </div>
  </div>
</BrowserRouter>
`;
